// Jest Snapshot v1, https://goo.gl/fbAQLP

exports[`LoginPage snapshot 1`] = `
<div>
  <div
    class="loginPage"
  >
    <h1
      class="loginPage-title"
    >
      Log in to AdvertPop
    </h1>
    <form>
      <div
        class="formField loginForm-field"
      >
        <label
          class="formField-label"
        >
          <span>
            email
          </span>
          <input
            autocomplete="off"
            class="formField-input"
            name="email"
            type="email"
            value=""
          />
        </label>
      </div>
      <div
        class="formField loginForm-field"
      >
        <label
          class="formField-label"
        >
          <span>
            password
          </span>
          <input
            autocomplete="off"
            class="formField-input"
            name="password"
            type="password"
            value=""
          />
        </label>
      </div>
      <input
        name="remember"
        type="checkbox"
        value="remember"
      />
      <label>
        Recordar contrase√±a
      </label>
      <button
        class="sc-bdvvtL doPQTC loginForm-submit"
        disabled=""
        type="submit"
      >
        Log in
      </button>
    </form>
  </div>
</div>
`;
